// Jest Snapshot v1, https://goo.gl/fbAQLP

exports[`<Home /> should render App component without crashing 1`] = `
<Fragment>
  <div>
    <Card />
  </div>
</Fragment>
`;
